{"u_token":"ogFD0bzdqrCJGVwJpo0Vt6QCo8V8dNhF","part_number":"282841-5","manufacturer":"TE Connectivity","mode":"place-part","plugin":".snap","source":"https://www.snapeda.com"}